
Note: No compatibility mode selected!


Circuit: * letter scan lower: final extracted transistor core

binary raw file "wave.raw"
Doing analysis at TEMP = 27.000000 and TNOM = 27.000000

Using SPARSE 1.3 as Direct Linear Solver
No. of Data Columns : 31  

Initial Transient Solution
--------------------------

Node                                   Voltage
----                                   -------
vdd                                          5
clk                                          0
xdut.n943                                    5
xdut.n948                          2.05775e-08
xdut.n697                          2.05775e-08
xdut.x_13.n6                         0.0348173
xdut.n920                                    5
xdut.n985                                    5
xdut.n222                                    0
xdut.x_14.n6                       6.26479e-09
xdut.x_15.n3                                 5
xdut.n661                          8.23099e-08
xdut.x_15.n9                                 5
xdut.n952                          7.88485e-09
xdut.n525                                    5
xdut.x_15.n5                        4.1155e-08
xdut.x_15.n6                       6.26479e-09
xdut.n656                                    5
xdut.x_16.n1                       2.05775e-08
xdut.n610                          8.22975e-08
xdut.x_17.n6                       4.11487e-08
xdut.n624                                    5
xdut.n579                                    5
xdut.n954                          5.46059e-08
xdut.x_19.n8                         0.0175683
xdut.x_19.n7                         0.0508865
xdut.x_20.n8                                 5
xdut.n529                          2.05744e-08
xdut.x_20.n7                           1.26842
xdut.n362                                    5
xdut.n929                          3.74461e-08
xdut.n696                                    5
xdut.x_21.n6                       6.26479e-09
xdut.x_22.n6                                 5
xdut.n688                                    5
xdut.n515                          2.05775e-08
xdut.n640                                    5
xdut.n38                           8.22975e-08
xdut.n949                                    5
xdut.n633                                    5
xdut.x_23.n6                            4.0396
xdut.x_23.n8                           4.04907
xdut.x_23.n7                           4.07278
xdut.n966                          8.22975e-08
xdut.n519                                    5
xdut.n956                                    5
xdut.x_24.n6                       4.11487e-08
xdut.x_25.n6                                 5
xdut.n523                                    0
xdut.n703                                    5
xdut.n915                          8.22975e-08
xdut.x_27.n10                                5
xdut.n917                                    0
xdut.x_27.n9                                 5
xdut.n988                                    0
xdut.x_27.n8                                 5
xdut.n711                          2.05775e-08
xdut.n693                                    5
xdut.n791                                    5
xdut.x_28.n8                       5.86677e-09
xdut.x_28.n7                           4.14375
xdut.x_29.n3                       8.23099e-08
xdut.n671                                    5
xdut.x_29.n9                                 5
xdut.x_29.n5                        3.1324e-09
xdut.x_29.n6                        4.1155e-08
xdut.x_30.n6                           4.96988
xdut.n518                                    5
xdut.x_31.n6                           4.14375
xdut.x_32.n6                       4.11487e-08
xdut.x_33.n9                           1.26842
xdut.x_33.n2                       3.74461e-08
xdut.x_33.n8                                 5
xdut.x_34.n6                                 5
xdut.n930                          2.05775e-08
xdut.x_35.n6                                 5
xdut.n685                          2.05775e-08
xdut.x_36.n8                                 5
xdut.x_36.n7                                 5
xdut.n570                                    5
xdut.n928                          2.05775e-08
xdut.x_37.n8                           4.97062
xdut.x_37.n7                           4.97062
xdut.n927                                    0
xdut.n914                          7.92437e-09
xdut.n587                                    5
xdut.n687                          2.05775e-08
xdut.n179                          7.88485e-09
xdut.x_38.n8                         0.0175683
xdut.x_38.n7                         0.0508864
xdut.x_39.n10                                5
xdut.x_39.n9                                 5
xdut.x_39.n8                                 5
xdut.n575                          2.05775e-08
xdut.n180                                    5
xdut.x_40.n3                                 5
xdut.n686                                    5
xdut.n913                          2.05775e-08
xdut.n732                          2.05775e-08
xdut.x_40.n7                       6.26479e-09
xdut.n569                          8.22975e-08
xdut.n802                                    5
xdut.x_41.n6                       4.11488e-08
xdut.x_42.n3                                 5
xdut.n580                          1.85179e-07
xdut.n677                          2.05775e-08
xdut.x_42.n7                       6.26481e-09
xdut.x_43.n9                           1.30646
xdut.n683                           7.1595e-08
xdut.x_43.n2                       7.15949e-08
xdut.x_43.n11                          1.32985
xdut.x_43.n10                          1.33931
xdut.n578                                    5
xdut.n571                                    5
xdut.x_44.n6                            4.0396
xdut.x_44.n8                           4.04907
xdut.x_44.n7                           4.07278
xdut.x_45.n8                       6.17262e-08
xdut.x_45.n7                       1.23452e-07
xdut.x_46.n9                                 5
xdut.x_46.n2                                 5
xdut.x_46.n8                                 5
xdut.n177                          1.85179e-07
xdut.x_47.n6                           4.14375
xdut.n626                          8.22975e-08
xdut.x_51.n6                       4.11488e-08
xdut.x_52.n8                       2.94541e-09
xdut.x_52.n7                         0.0348173
xdut.x_53.n6                                 5
xdut.n1005                                   5
xdut.x_54.n6                           4.14375
xdut.n1017                                   5
xdut.n1037                         1.16739e-08
xdut.n1004                                   0
xdut.n1016                                   0
xdut.x_78.n8                         0.0175683
xdut.x_78.n7                         0.0508864
xdut.x_80.n3                                 5
xdut.n1018                         1.16047e-07
xdut.x_80.n9                           1.26842
xdut.n1100                                   0
xdut.x_80.n5                       5.80236e-08
xdut.x_80.n6                           4.14375
xdut.n980                          2.05775e-08
xdut.x_87.n2                                 5
xdut.x_87.n4                         0.0116791
xdut.x_87.n5                         0.0282461
xdut.x_87.n6                         0.0602162
xdut.ni1431                                  0
xdut.x_102.qs                                5
xdut.x_102.n14                         1.34473
xdut.n1053                                   5
xdut.x_102.n6                      8.60208e-08
xdut.x_102.ckp                     2.08524e-08
xdut.x_102.n7                      2.60748e-08
xdut.x_102.ckb                               5
xdut.x_102.qm                                5
xdut.x_102.n9                                5
xdut.n1002                         2.05744e-08
xdut.x_102.n13                     4.30104e-08
xdut.x_103.n6                                5
xdut.n939                          3.74462e-08
xdut.n924                                    5
xdut.n987                          2.05775e-08
xdut.x_104.n3                                5
xdut.n1051                         8.23099e-08
xdut.x_104.n9                                5
xdut.x_104.n5                      4.11549e-08
xdut.x_104.n6                      6.26479e-09
xdut.n923                                    5
xdut.n919                          5.46059e-08
xdut.x_108.n6                        0.0320913
xdut.x_108.n8                        0.0320913
xdut.x_108.n7                        0.0320913
xdut.x_109.n8                          4.98443
xdut.n921                                    5
xdut.x_109.n7                           4.9553
xdut.n925                                    5
xdut.n986                          4.82942e-09
xdut.ni1415                                  5
xdut.x_110.qs                      7.29463e-08
xdut.x_110.n14                               5
xdut.n1099                         1.16047e-07
xdut.x_110.n6                                5
xdut.x_110.ckp                     2.08524e-08
xdut.x_110.n7                                5
xdut.x_110.ckb                               5
xdut.x_110.qm                      2.60748e-08
xdut.x_110.n9                      4.95105e-08
xdut.x_110.n13                         4.14374
xdut.ni1417                                  5
xdut.x_111.qs                      7.29463e-08
xdut.x_111.n14                               5
xdut.x_111.n6                                5
xdut.x_111.ckp                     2.08524e-08
xdut.x_111.n7                                5
xdut.x_111.ckb                               5
xdut.x_111.qm                      2.60748e-08
xdut.x_111.n9                      4.95105e-08
xdut.x_111.n13                         4.14374
xdut.x_112.n8                          1.31158
xdut.x_112.n7                          1.29144
xdut.n1112                         8.22975e-08
xdut.n912                                    5
xdut.x_114.n3                                5
xdut.n1003                         8.23099e-08
xdut.x_114.n9                                5
xdut.n533                                    5
xdut.x_114.n5                      4.11549e-08
xdut.x_114.n6                      6.26479e-09
vsync                                        5
xdut.ni1418                        2.08524e-08
xdut.x_116.qs                                5
xdut.x_116.n14                         1.34473
xdut.x_116.n6                      8.60208e-08
xdut.x_116.ckp                     2.08524e-08
xdut.x_116.n7                      2.60748e-08
xdut.x_116.ckb                               5
xdut.x_116.qm                                5
xdut.x_116.n9                                5
xdut.x_116.n13                     4.30104e-08
xdut.ni1419                                  0
xdut.x_117.qs                                5
xdut.x_117.n14                         1.34473
xdut.x_117.n6                      8.60208e-08
xdut.x_117.ckp                     2.08524e-08
xdut.x_117.n7                      2.60748e-08
xdut.x_117.ckb                               5
xdut.x_117.qm                                5
xdut.x_117.n9                                5
xdut.x_117.n13                     4.30104e-08
xdut.x_136.n6                                5
xdut.n975                                    5
xdut.x_137.n6                          1.26842
xdut.n1105                         2.05775e-08
xdut.x_138.n6                      4.11487e-08
xdut.ni1416                                  5
xdut.x_157.qs                      7.29463e-08
xdut.x_157.n14                               5
xdut.x_157.n6                                5
xdut.x_157.ckp                     2.08524e-08
xdut.x_157.n7                                5
xdut.x_157.ckb                               5
xdut.x_157.qm                      2.60748e-08
xdut.x_157.n9                      4.95105e-08
xdut.x_157.n13                         4.14374
xdut.n1038                                   5
xdut.x_158.n6                        0.0348173
xdut.n1000                                   0
xdut.ni1414                                  5
xdut.x_160.qs                      7.29463e-08
xdut.x_160.n14                               5
xdut.n984                          2.05775e-08
xdut.x_160.n6                                5
xdut.x_160.ckp                     2.08524e-08
xdut.x_160.n7                                5
xdut.x_160.ckb                               5
xdut.x_160.qm                      2.60748e-08
xdut.x_160.n9                      4.95105e-08
xdut.x_160.n13                         4.14374
xdut.x_161.n3                                5
xdut.x_161.n9                          1.26842
xdut.x_161.n5                      5.80236e-08
xdut.x_161.n6                          4.14375
xdut.x_294.n7                                5
xdut.x_294.n3                                5
xdut.n678                          7.96197e-09
xdut.n676                          2.05775e-08
xdut.n727                                    5
xdut.n516                                    5
xdut.n517                          2.05775e-08
xdut.x_295.n6                      6.26479e-09
r                                  2.08524e-08
xdut.ni1437                                  5
xdut.x_298.qs                      7.29463e-08
xdut.x_298.n14                               5
xdut.x_298.n6                                5
xdut.x_298.ckp                     2.08524e-08
xdut.x_298.n7                                5
xdut.x_298.ckb                               5
xdut.x_298.qm                      2.60748e-08
xdut.x_298.n9                      4.95105e-08
xdut.n674                          2.05744e-08
xdut.x_298.n13                         4.14374
b                                            5
xdut.ni1435                        2.08524e-08
xdut.x_299.qs                                5
xdut.x_299.n14                               5
xdut.n730                          2.05775e-08
xdut.x_299.n6                                5
xdut.x_299.ckp                     2.08524e-08
xdut.x_299.n7                                5
xdut.x_299.ckb                               5
xdut.x_299.qm                      3.49785e-08
xdut.x_299.n9                                5
xdut.x_299.n13                         4.14375
xdut.n521                                    0
xdut.ni1434                                  5
xdut.x_300.qs                      7.29463e-08
xdut.x_300.n14                               5
xdut.n632                          8.22975e-08
xdut.x_300.n6                                5
xdut.x_300.ckp                     2.08524e-08
xdut.x_300.n7                                5
xdut.x_300.ckb                               5
xdut.x_300.qm                      2.60748e-08
xdut.x_300.n9                      4.95105e-08
xdut.x_300.n13                         4.14374
xdut.x_301.qs                                5
xdut.x_301.n14                         1.34473
xdut.x_301.n6                      8.60208e-08
xdut.x_301.ckp                     2.08524e-08
xdut.x_301.n7                      2.60748e-08
xdut.x_301.ckb                               5
xdut.x_301.qm                                5
xdut.x_301.n9                                5
xdut.x_301.n13                     4.30104e-08
xdut.x_302.n6                      6.26479e-09
xdut.x_303.n3                                5
xdut.x_303.n7                      6.26479e-09
xdut.n655                                    5
xdut.x_304.n6                       6.2648e-09
xdut.x_305.n6                        0.0348173
xdut.x_306.n8                          1.31158
xdut.x_306.n7                          1.29144
xdut.x_307.n8                          4.97062
xdut.x_307.n7                          4.97062
xdut.n714                          7.92437e-09
xdut.n588                                    5
xdut.x_312.qs                      7.29463e-08
xdut.x_312.n14                               5
xdut.n591                          2.19645e-08
xdut.x_312.n6                                5
xdut.x_312.ckp                     2.08524e-08
xdut.x_312.n7                                5
xdut.x_312.ckb                               5
xdut.x_312.qm                      2.60748e-08
xdut.x_312.n9                      4.95105e-08
xdut.x_312.n13                         4.14374
xdut.x_313.n7                                5
xdut.x_313.n3                                5
xdut.n24                           7.92437e-09
xdut.n568                          2.05775e-08
xdut.ni1429                                  0
xdut.x_314.qs                                5
xdut.x_314.n14                         1.34473
xdut.n701                                    5
xdut.x_314.n6                      8.60208e-08
xdut.x_314.ckp                     2.08524e-08
xdut.x_314.n7                      2.60748e-08
xdut.x_314.ckb                               5
xdut.x_314.qm                                5
xdut.x_314.n9                                5
xdut.x_314.n13                     4.30104e-08
g                                  2.08524e-08
xdut.ni1428                                  5
xdut.x_316.qs                      7.29463e-08
xdut.x_316.n14                               5
xdut.x_316.n6                                5
xdut.x_316.ckp                     2.08524e-08
xdut.x_316.n7                                5
xdut.x_316.ckb                               5
xdut.x_316.qm                      2.60748e-08
xdut.x_316.n9                      4.95105e-08
xdut.x_316.n13                         4.14374
xdut.n617                                    5
xdut.x_317.n6                      4.11487e-08
xdut.n623                                    5
xdut.x_318.n8                        0.0175683
xdut.x_318.n7                        0.0508864
xdut.n353                          2.05775e-08
xdut.x_319.n2                                5
xdut.n577                          2.05775e-08
xdut.x_321.n6                        0.0348173
xdut.x_322.n3                                5
xdut.x_322.n5                                5
xdut.x_322.n4                                5
xdut.x_322.n6                      3.49785e-08
xdut.n582                                    5
xdut.x_324.n6                        0.0348173
xdut.x_325.n3                      8.22975e-08
xdut.x_325.n7                      4.11487e-08
xdut.x_326.n6                       6.2648e-09
xdut.n1001                                   0
xdut.ni1425                                  5
xdut.x_327.qs                      7.29463e-08
xdut.x_327.n14                               5
xdut.n983                          1.16047e-07
xdut.x_327.n6                                5
xdut.x_327.ckp                     2.08524e-08
xdut.x_327.n7                                5
xdut.x_327.ckb                               5
xdut.x_327.qm                      2.60748e-08
xdut.x_327.n9                      4.95105e-08
xdut.x_327.n13                         4.14374
xdut.x_329.n10                         4.97131
xdut.x_329.n9                          4.97131
xdut.x_329.n8                          4.97131
xdut.n679                                    5
xdut.ni1422                                  0
xdut.x_330.qs                                5
xdut.x_330.n14                         1.34473
xdut.n982                                    5
xdut.x_330.n6                      8.60208e-08
xdut.x_330.ckp                     2.08524e-08
xdut.x_330.n7                      2.60748e-08
xdut.x_330.ckb                               5
xdut.x_330.qm                                5
xdut.x_330.n9                                5
xdut.x_330.n13                     4.30104e-08
xdut.x_332.n7                                5
xdut.x_332.n3                                5
xdut.x_333.n8                                5
xdut.x_333.n3                                5
xdut.x_333.n9                                5
xdut.x_333.n5                      1.01216e-08
xdut.x_340.n2                                5
xdut.ni1421                                  5
xdut.x_341.qs                      7.29463e-08
xdut.x_341.n14                               5
xdut.n953                          2.19645e-08
xdut.x_341.n6                                5
xdut.x_341.ckp                     2.08524e-08
xdut.x_341.n7                                5
xdut.x_341.ckb                               5
xdut.x_341.qm                      2.60748e-08
xdut.x_341.n9                      4.95105e-08
xdut.x_341.n13                         4.14374
xdut.ni1432                                  0
xdut.x_342.qs                                5
xdut.x_342.n14                         1.34473
xdut.n965                                    5
xdut.x_342.n6                      8.60208e-08
xdut.x_342.ckp                     2.08524e-08
xdut.x_342.n7                      2.60748e-08
xdut.x_342.ckb                               5
xdut.x_342.qm                                5
xdut.x_342.n9                                5
xdut.x_342.n13                     4.30104e-08
xdut.x_343.n7                                5
xdut.x_343.n5                                5
xdut.x_343.n3                           4.1532
xdut.x_358.n3                                5
xdut.x_358.n9                          1.26842
xdut.n1034                                   5
xdut.x_358.n5                      5.80236e-08
xdut.x_358.n6                          4.14375
xdut.n675                                    0
xdut.n979                                    5
xdut.x_359.qs                      7.29463e-08
xdut.x_359.n14                               5
xdut.n999                          2.19645e-08
xdut.x_359.n6                                5
xdut.x_359.ckp                     2.08524e-08
xdut.x_359.n7                                5
xdut.x_359.ckb                               5
xdut.x_359.qm                      2.60748e-08
xdut.x_359.n9                      4.95105e-08
xdut.x_359.n13                         4.14374
xdut.x_360.n3                      1.43584e-08
xdut.n998                                    5
xdut.x_360.n5                                5
xdut.x_360.n4                      3.49785e-08
xdut.x_360.n6                                5
xdut.n981                                    5
xdut.x_362.n8                        0.0175683
xdut.x_362.n7                        0.0508865
xdut.x_363.n3                      8.23099e-08
xdut.x_363.n9                                5
xdut.x_363.n5                       3.1324e-09
xdut.x_363.n6                       4.1155e-08
xdut.x_364.n6                        0.0348173
xdut.x_365.n6                        0.0169083
xdut.x_365.n8                        0.0476063
xdut.x_365.n7                        0.0476063
xdut.n922                          1.16047e-07
xdut.x_375.n6                       6.2648e-09
xdut.x_406.n3                                5
xdut.x_406.n9                          1.26842
xdut.n937                          2.05775e-08
xdut.x_406.n5                      5.80236e-08
xdut.x_406.n6                          4.14375
xdut.x_407.n3                                5
xdut.x_407.n5                                5
xdut.x_407.n4                                5
xdut.x_407.n6                                5
xdut.n934                          2.05775e-08
xdut.x_408.n6                       6.2648e-09
xdut.x_409.n8                        0.0175683
xdut.x_409.n7                        0.0508865
xdut.x_410.n6                                5
xdut.x_411.n8                                5
xdut.x_411.n3                                5
xdut.x_411.n9                                5
xdut.x_411.n5                      1.01216e-08
xdut.x_509.n8                                5
xdut.x_509.n3                      3.74462e-08
xdut.n18                                     0
xdut.x_509.n9                          1.26842
xdut.x_509.n5                          4.14375
xdut.x_510.n8                                5
xdut.x_510.n3                                5
xdut.n171                                    0
xdut.x_510.n9                                5
xdut.x_510.n5                      1.01216e-08
xdut.x_533.n8                                5
xdut.x_533.n7                          4.96988
xdut.n618                                    5
xdut.n250                          7.88485e-09
xdut.n522                                    5
xdut.x_534.n8                          4.97062
xdut.n170                                    5
xdut.x_534.n7                          4.97062
xdut.n325                          7.92437e-09
xdut.x_551.n6                          1.26842
xdut.n604                          3.74462e-08
xdut.n335                          2.05775e-08
xdut.x_554.qs                      7.29463e-08
xdut.x_554.n14                               5
xdut.n598                          1.85179e-07
xdut.x_554.n6                                5
xdut.x_554.ckp                     2.08524e-08
xdut.x_554.n7                                5
xdut.x_554.ckb                               5
xdut.x_554.qm                      2.60748e-08
xdut.x_554.n9                      4.95105e-08
xdut.n280                          2.05744e-08
xdut.x_554.n13                         4.14375
xdut.x_555.n3                                5
xdut.n330                                    5
xdut.n614                          3.74462e-08
xdut.n338                          2.05775e-08
xdut.x_555.n7                      6.26479e-09
xdut.n173                                    5
xdut.n296                                    0
xdut.x_556.qs                                5
xdut.x_556.n14                         1.34473
xdut.n68                                     5
xdut.x_556.n6                      8.60208e-08
xdut.x_556.ckp                     2.08524e-08
xdut.x_556.n7                      2.60748e-08
xdut.x_556.ckb                               5
xdut.x_556.qm                                5
xdut.x_556.n9                                5
xdut.x_556.n13                     4.30104e-08
xdut.x_557.n3                                5
xdut.n219                          1.16047e-07
xdut.x_557.n9                          1.26842
xdut.n244                          2.05775e-08
xdut.x_557.n5                      5.80236e-08
xdut.x_557.n6                          4.14375
xdut.x_558.n6                          4.96988
xdut.n599                          7.88485e-09
xdut.n343                                    5
xdut.x_559.n6                          4.96988
xdut.n69                                     5
xdut.n204                          7.88485e-09
xdut.n612                                    5
xdut.x_560.n7                                5
xdut.x_560.n3                      2.05775e-08
xdut.n281                                    5
xdut.x_561.n3                                5
xdut.x_561.n7                          4.14375
xdut.x_562.n7                          4.96988
xdut.x_562.n3                      7.88485e-09
xdut.n174                                    5
xdut.x_566.n2                                5
xdut.n202                                    5
xdut.x_567.n6                       6.2648e-09
xdut.x_568.n3                                5
xdut.n193                          1.16047e-07
xdut.x_568.n9                          1.26842
xdut.n66                                     5
xdut.n65                                     0
xdut.x_568.n5                      5.80236e-08
xdut.x_568.n6                          4.14375
xdut.x_569.n6                          4.96988
xdut.n295                          7.88485e-09
xdut.n201                                    5
xdut.x_570.n3                                5
xdut.n328                                    5
xdut.x_570.n5                      7.29463e-08
xdut.x_570.n4                      4.95105e-08
xdut.x_570.n6                      2.60748e-08
xdut.x_572.n6                                5
xdut.n596                          7.92437e-09
xdut.n594                          3.74462e-08
xdut.x_573.n6                          1.26842
xdut.x_574.n6                                5
xdut.x_575.n6                          1.26842
xdut.n600                          3.74462e-08
xdut.n601                          2.05775e-08
xdut.x_576.n6                                5
xdut.n248                                    0
xdut.x_578.qs                                5
xdut.x_578.n14                         1.34473
xdut.x_578.n6                      8.60208e-08
xdut.x_578.ckp                     2.08524e-08
xdut.x_578.n7                      2.60748e-08
xdut.x_578.ckb                               5
xdut.x_578.qm                                5
xdut.x_578.n9                                5
xdut.x_578.n13                     4.30104e-08
xdut.x_579.n6                          1.26842
xdut.n270                                    5
xdut.x_623.qs                      7.29463e-08
xdut.x_623.n14                               5
xdut.x_623.n6                                5
xdut.x_623.ckp                     2.08524e-08
xdut.x_623.n7                                5
xdut.x_623.ckb                               5
xdut.x_623.qm                      2.60748e-08
xdut.x_623.n9                      4.95105e-08
xdut.x_623.n13                         4.14374
xdut.n283                                    5
xdut.n311                                    5
xdut.x_624.n8                      6.17262e-08
xdut.x_624.n7                      1.23452e-07
xdut.x_639.n7                          1.26842
xdut.x_639.n3                      3.74462e-08
xdut.n8                                      5
xdut.n2                                      5
xdut.x_640.n7                                5
xdut.n23                                     0
xdut.x_640.n3                                5
xdut.n10                           2.05775e-08
xdut.x_641.n6                                5
xdut.n22                           2.05775e-08
xdut.n19                                     5
xdut.x_646.n6                                5
xdut.n57                           2.05775e-08
xdut.x_648.n3                                5
xdut.n59                                     5
xdut.n56                           2.05775e-08
xdut.x_648.n7                          4.14375
xdut.x_649.n7                          4.96988
xdut.x_649.n3                      7.88485e-09
xdut.n35                                     5
hsync                                        5
xdut.ni1413                        2.08524e-08
xdut.x_665.qs                                5
xdut.x_665.n14                         1.34473
xdut.n37                                     5
xdut.x_665.n6                      8.60208e-08
xdut.x_665.ckp                     2.08524e-08
xdut.x_665.n7                      2.60748e-08
xdut.x_665.ckb                               5
xdut.x_665.qm                                5
xdut.x_665.n9                                5
xdut.n25                           2.05744e-08
xdut.x_665.n13                     4.30104e-08
xdut.n20                                     5
xdut.x_680.qs                                5
xdut.x_680.n14                               5
xdut.x_680.n6                                5
xdut.x_680.ckp                     2.08524e-08
xdut.x_680.n7                                5
xdut.x_680.ckb                               5
xdut.x_680.qm                      3.49785e-08
xdut.x_680.n9                                5
xdut.x_680.n13                         4.14374
xdut.x_682.n8                          4.97062
xdut.n17                                     5
xdut.x_682.n7                          4.97062
xdut.n208                          8.22975e-08
xdut.n205                          2.05775e-08
xdut.x_687.n3                      8.23099e-08
xdut.x_687.n9                                5
xdut.x_687.n5                       3.1324e-09
xdut.x_687.n6                       4.1155e-08
xdut.n7                                      5
xdut.x_689.n2                      2.05775e-08
xdut.x_691.n8                                5
xdut.x_691.n7                                5
xdut.n206                          2.05775e-08
xdut.x_695.n2                                5
xdut.ni1426                                  5
xdut.x_696.qs                      7.29463e-08
xdut.x_696.n14                               5
xdut.n6                            8.23099e-08
xdut.x_696.n6                                5
xdut.x_696.ckp                     2.08524e-08
xdut.x_696.n7                                5
xdut.x_696.ckb                               5
xdut.x_696.qm                      2.60748e-08
xdut.x_696.n9                      4.95105e-08
xdut.x_696.n13                         4.14374
xdut.ni1427                                  5
xdut.x_714.qs                      7.29463e-08
xdut.x_714.n14                               5
xdut.x_714.n6                                5
xdut.x_714.ckp                     2.08524e-08
xdut.x_714.n7                                5
xdut.x_714.ckb                               5
xdut.x_714.qm                      2.60748e-08
xdut.x_714.n9                      4.95105e-08
xdut.x_714.n13                         4.14374
xdut.x_715.n10                         4.98965
xdut.x_715.n9                          4.97478
xdut.x_715.n8                          4.94657
xdut.n225                          3.48086e-09
xdut.n227                                    5
xdut.x_728.n7                          4.96988
xdut.x_728.n3                      7.88485e-09
xdut.n226                                    5
xdut.n211                          8.22975e-08
xdut.x_729.n8                       6.2648e-09
xdut.x_729.n7                      1.25296e-08
xdut.x_730.n6                      4.11487e-08
xdut.n188                                    5
xdut.x_731.qs                                5
xdut.x_731.n14                         1.34473
xdut.n3                                      5
xdut.x_731.n6                      8.60208e-08
xdut.x_731.ckp                     2.08524e-08
xdut.x_731.n7                      2.60748e-08
xdut.x_731.ckb                               5
xdut.x_731.qm                                5
xdut.x_731.n9                                5
xdut.x_731.n13                     4.30104e-08
xdut.n230                          2.05775e-08
xdut.n324                                    0
xdut.x_734.qs                                5
xdut.x_734.n14                         1.34473
xdut.x_734.n6                      8.60208e-08
xdut.x_734.ckp                     2.08524e-08
xdut.x_734.n7                      2.60748e-08
xdut.x_734.ckb                               5
xdut.x_734.qm                                5
xdut.x_734.n9                                5
xdut.x_734.n13                     4.30104e-08
xdut.x_751.n6                                5
xdut.n301                          7.88485e-09
xdut.n528                          2.05775e-08
xdut.n287                                    5
xdut.x_752.n6                                5
xdut.n292                          2.05775e-08
xdut.n584                                    5
xdut.x_757.n10                         1.33931
xdut.n581                                    5
xdut.x_757.n9                          1.32985
xdut.x_757.n8                          1.30646
xdut.n187                          7.92437e-09
xdut.n375                          2.05775e-08
xdut.x_758.n3                      8.22975e-08
xdut.n71                                     5
xdut.n195                                    5
xdut.n194                                    5
xdut.x_758.n7                      4.11488e-08
xdut.x_759.n8                                5
xdut.x_759.n7                          1.26842
xdut.n182                          3.74461e-08
xdut.n572                          7.88485e-09
xdut.x_760.n6                          1.26842
xdut.n72                                     5
xdut.n573                          3.74462e-08
xdut.n184                          3.74462e-08
xdut.x_761.n8                          4.97062
xdut.x_761.n7                          4.97062
xdut.n185                          5.46059e-08
xdut.n288                                    5
xdut.x_762.n6                                5
xdut.n183                          2.05775e-08
xdut.x_765.n6                                5
xdut.n527                          5.46059e-08
xdut.n284                                    5
xdut.n300                          7.88485e-09
xdut.x_766.n6                                5
xdut.n297                          2.05775e-08
xdut.n299                          3.74462e-08
xdut.x_767.n8                                5
xdut.x_767.n7                                5
xdut.n360                                    5
xdut.x_770.n6                          4.14375
xdut.x_771.n7                          1.26842
xdut.x_771.n3                      3.74462e-08
xdut.x_773.n6                                5
xdut.n526                                    5
xdut.x_778.n6                          4.96988
xdut.n606                          7.88485e-09
xdut.n74                                     5
xdut.x_779.n2                                5
xdut.x_787.n8                          1.31158
xdut.x_787.n7                          1.29144
xdut.x_790.n6                          1.26842
xdut.x_793.n6                                5
xdut.x_794.n6                                5
xdut.n608                                    5
xdut.n308                          3.74462e-08
xdut.x_853.n8                                5
xdut.x_853.n7                          4.96988
xdut.n657                          7.88485e-09
xdut.n70                                     5
xdut.x_854.n6                                5
xdut.n329                                    5
xdut.x_865.n6                                5
xdut.n320                                    5
xdut.x_866.n8                                5
xdut.x_866.n7                          1.26842
xdut.n664                          7.88485e-09
xdut.x_869.n6                          4.96988
xdut.x_870.n6                                5
xdut.x_871.n8                          1.31158
xdut.x_871.n7                          1.29144
xdut.n77                           8.22975e-08
xdut.x_873.n6                          4.96988
xdut.x_877.n6                                5
xdut.x_878.n8                                5
xdut.x_878.n7                          4.96988
xdut.x_879.n6                          4.96988
xdut.x_881.n8                          4.97062
xdut.x_881.n7                          4.97062
xdut.x_884.n6                                5
xdut.x_889.n7                          1.26842
xdut.x_889.n3                      3.74462e-08
xdut.x_895.n3                                5
xdut.x_895.n7                        0.0348173
xdut.x_900.n8                                5
xdut.x_900.n7                                5
xdut.x_902.n6                          4.96988
xdut.x_905.n2                      2.05775e-08
xdut.x_955.n3                                5
xdut.x_955.n9                                5
xdut.x_955.n5                          4.10687
xdut.x_955.n6                        0.0348173
xdut.x_956.n6                                5
xdut.n16                           5.46059e-08
xdut.n54                                     5
xdut.x_965.n8                                5
xdut.x_965.n7                          1.26842
xdut.n50                           3.74461e-08
xdut.n48                                     5
xdut.x_969.n6                      6.26479e-09
xdut.x_970.n8                      5.86677e-09
xdut.x_970.n7                          4.14375
xdut.x_972.n6                        0.0348173
xdut.x_977.n6                          4.14375
xdut.x_981.n6                          1.26842
xdut.x_988.n6                      6.26479e-09
xdut.n51                                     5
xdut.x_990.n6                          4.14375
xdut.x_994.n6                      4.11487e-08
xdut.x_998.n6                        0.0348173
xdut.x_1002.n3                               5
xdut.n15                                     5
xdut.x_1002.n5                     7.29463e-08
xdut.x_1002.n4                     4.95105e-08
xdut.x_1002.n6                     2.60747e-08
xdut.x_1011.n3                               5
xdut.x_1011.n9                               5
xdut.x_1011.n5                      4.1155e-08
xdut.x_1011.n6                     6.26479e-09
xdut.x_1012.n6                         1.26842
xdut.n5                            3.74462e-08
xdut.x_1019.n7                               5
xdut.x_1019.n3                     2.05775e-08
xdut.n49                           3.74462e-08
xdut.x_1022.n3                               5
xdut.x_1022.n9                               5
xdut.x_1022.n5                         4.10687
xdut.x_1022.n6                       0.0348173
xdut.x_1028.n8                         1.31158
xdut.x_1028.n7                         1.29144
xdut.n4                                      5
xdut.x_1029.n2                     1.85179e-07
xdut.x_1029.n4                     6.17262e-08
xdut.x_1029.n5                     1.23452e-07
xdut.x_1030.n6                         4.96988
xdut.n213                          7.88485e-09
xdut.x_1034.n6                         4.14375
xdut.n11                                     5
xdut.n14                           2.05775e-08
xdut.x_1038.n6                       0.0171313
xdut.x_1038.n8                       0.0486804
xdut.x_1038.n7                         4.15573
xdut.n45                                     5
xdut.n12                                     5
xdut.x_1064.n8                     6.17262e-08
xdut.x_1064.n7                     1.23452e-07
xdut.n13                                     5
xdut.x_1066.n8                       0.0333738
xdut.x_1066.n7                       0.0333738
xdut.x_1082.n9                         4.95563
xdut.x_1082.n2                      4.8375e-09
xdut.x_1082.n11                        4.98479
xdut.x_1082.n10                        4.98479
xdut.x_1089.n6                     4.11487e-08
xdut.x_1099.n6                         1.26842
xdut.n46                           2.05775e-08
xdut.x_1102.n6                     4.11487e-08
xdut.x_1107.n3                               5
xdut.n47                           2.05775e-08
xdut.x_1107.n7                     6.26479e-09
xdut.x_1109.n6                               5
xdut.x_1110.n3                               5
xdut.x_1110.n9                               5
xdut.x_1110.n5                         4.10687
xdut.x_1110.n6                       0.0348173
xdut.x_1111.n9                         4.97131
xdut.x_1111.n2                     7.96197e-09
xdut.x_1111.n11                        4.97131
xdut.x_1111.n10                        4.97131
xdut.x_1112.n9                         4.97062
xdut.x_1112.n2                     7.92437e-09
xdut.x_1112.n11                        4.97062
xdut.x_1112.n10                              5
vclk#branch                                  0
vdd#branch                        -6.21201e-09

 Reference value :  8.52800e-08 Reference value :  2.24280e-07 Reference value :  3.71280e-07 Reference value :  5.25280e-07 Reference value :  6.70280e-07 Reference value :  8.14280e-07 Reference value :  9.53280e-07 Reference value :  1.01405e-06 Reference value :  1.11323e-06 Reference value :  1.19038e-06 Reference value :  1.31995e-06 Reference value :  1.37561e-06 Reference value :  1.48656e-06 Reference value :  1.58739e-06 Reference value :  1.64891e-06 Reference value :  1.71263e-06 Reference value :  1.80788e-06 Reference value :  1.92729e-06 Reference value :  1.96915e-06 Reference value :  2.06812e-06 Reference value :  2.13357e-06 Reference value :  2.26988e-06 Reference value :  2.29788e-06 Reference value :  2.42994e-06 Reference value :  2.50430e-06 Reference value :  2.59932e-06 Reference value :  2.66950e-06 Reference value :  2.76151e-06 Reference value :  2.88522e-06 Reference value :  2.92347e-06 Reference value :  2.99447e-06 Reference value :  3.07870e-06 Reference value :  3.20813e-06 Reference value :  3.24082e-06 Reference value :  3.31745e-06 Reference value :  3.39851e-06 Reference value :  3.54071e-06 Reference value :  3.58547e-06 Reference value :  3.70559e-06 Reference value :  3.79594e-06 Reference value :  3.87140e-06 Reference value :  3.96819e-06 Reference value :  4.03808e-06 Reference value :  4.17526e-06 Reference value :  4.19792e-06 Reference value :  4.33063e-06 Reference value :  4.39518e-06 Reference value :  4.50148e-06 Reference value :  4.52525e-06 Reference value :  4.65082e-06 Reference value :  4.72190e-06 Reference value :  4.82079e-06 Reference value :  4.90003e-06 Reference value :  4.98400e-06 Reference value :  5.11125e-06 Reference value :  5.14749e-06 Reference value :  5.27445e-06 Reference value :  5.33784e-06 Reference value :  5.45313e-06 Reference value :  5.49437e-06 Reference value :  5.61141e-06 Reference value :  5.70977e-06 Reference value :  5.77795e-06 Reference value :  5.87405e-06 Reference value :  5.95178e-06 Reference value :  6.08200e-06 Reference value :  6.12299e-06 Reference value :  6.24162e-06 Reference value :  6.32842e-06 Reference value :  6.41064e-06 Reference value :  6.50346e-06 Reference value :  6.57686e-06 Reference value :  6.71530e-06 Reference value :  6.74597e-06 Reference value :  6.87508e-06 Reference value :  6.94622e-06 Reference value :  7.04117e-06 Reference value :  7.08625e-06 Reference value :  7.20121e-06 Reference value :  7.30378e-06 Reference value :  7.36370e-06 Reference value :  7.47269e-06 Reference value :  7.53577e-06 Reference value :  7.66667e-06 Reference value :  7.69406e-06 Reference value :  7.77511e-06 Reference value :  7.84546e-06 Reference value :  7.98413e-06 Reference value :  8.00534e-06 Reference value :  8.05865e-06 Reference value :  8.15547e-06 Reference value :  8.25334e-06 Reference value :  8.31575e-06 Reference value :  8.34645e-06 Reference value :  8.46851e-06 Reference value :  8.55142e-06 Reference value :  8.63200e-06 Reference value :  8.73377e-06 Reference value :  8.81849e-06 Reference value :  8.93878e-06 Reference value :  8.96871e-06 Reference value :  9.09011e-06 Reference value :  9.17247e-06 Reference value :  9.26549e-06 Reference value :  9.33869e-06 Reference value :  9.42698e-06 Reference value :  9.53751e-06 Reference value :  9.58825e-06 Reference value :  9.66781e-06 Reference value :  9.75029e-06 Reference value :  9.88992e-06 Reference value :  9.92322e-06 Reference value :  1.00513e-05 Reference value :  1.01512e-05 Reference value :  1.02227e-05 Reference value :  1.03137e-05 Reference value :  1.03902e-05 Reference value :  1.05248e-05 Reference value :  1.05466e-05 Reference value :  1.06707e-05 Reference value :  1.07311e-05 Reference value :  1.08448e-05 Reference value :  1.08652e-05 Reference value :  1.09991e-05 Reference value :  1.10674e-05 Reference value :  1.11697e-05 Reference value :  1.12584e-05 Reference value :  1.13422e-05 Reference value :  1.14762e-05 Reference value :  1.15058e-05 Reference value :  1.16372e-05 Reference value :  1.17253e-05 Reference value :  1.18059e-05 Reference value :  1.18763e-05 Reference value :  1.19659e-05 Reference value :  1.20879e-05 Reference value :  1.21308e-05 Reference value :  1.22499e-05 Reference value :  1.23317e-05 Reference value :  1.24372e-05 Reference value :  1.25007e-05 Reference value :  1.26002e-05 Reference value :  1.27110e-05 Reference value :  1.27646e-05 Reference value :  1.28861e-05 Reference value :  1.29580e-05 Reference value :  1.30680e-05 Reference value :  1.30911e-05 Reference value :  1.32092e-05 Reference value :  1.32794e-05 Reference value :  1.33907e-05 Reference value :  1.34094e-05 Reference value :  1.35397e-05 Reference value :  1.36098e-05 Reference value :  1.37081e-05 Reference value :  1.37801e-05 Reference value :  1.38715e-05 Reference value :  1.39997e-05 Reference value :  1.40377e-05 Reference value :  1.41285e-05 Reference value :  1.42088e-05 Reference value :  1.43378e-05 Reference value :  1.43724e-05 Reference value :  1.44951e-05 Reference value :  1.45869e-05 Reference value :  1.46647e-05 Reference value :  1.47523e-05 Reference value :  1.48289e-05 Reference value :  1.49684e-05 Reference value :  1.49918e-05 Reference value :  1.51272e-05 Reference value :  1.51979e-05 Reference value :  1.52967e-05 Reference value :  1.53343e-05 Reference value :  1.54520e-05 Reference value :  1.55450e-05 Reference value :  1.56164e-05 Reference value :  1.56741e-05 Reference value :  1.57728e-05 Reference value :  1.58808e-05 Reference value :  1.59376e-05 Reference value :  1.59981e-05 Reference value :  1.60933e-05 Reference value :  1.62144e-05 Reference value :  1.62551e-05 Reference value :  1.62918e-05 Reference value :  1.64035e-05 Reference value :  1.65110e-05 Reference value :  1.65730e-05 Reference value :  1.66194e-05 Reference value :  1.67243e-05 Reference value :  1.68164e-05 Reference value :  1.68879e-05 Reference value :  1.69777e-05 Reference value :  1.70513e-05 Reference value :  1.71920e-05 Reference value :  1.72194e-05 Reference value :  1.73512e-05 Reference value :  1.73800e-05 Reference value :  1.75080e-05 Reference value :  1.75378e-05 Reference value :  1.76598e-05 Reference value :  1.77392e-05 Reference value :  1.78359e-05 Reference value :  1.78783e-05 Reference value :  1.79941e-05 Reference value :  1.81017e-05 Reference value :  1.81569e-05 Reference value :  1.82097e-05 Reference value :  1.83125e-05 Reference value :  1.84122e-05 Reference value :  1.84766e-05 Reference value :  1.85569e-05 Reference value :  1.86347e-05 Reference value :  1.87703e-05 Reference value :  1.88095e-05 Reference value :  1.89386e-05 Reference value :  1.90231e-05 Reference value :  1.91069e-05 Reference value :  1.91748e-05 Reference value :  1.92679e-05 Reference value :  1.93883e-05 Reference value :  1.94294e-05 Reference value :  1.95304e-05 Reference value :  1.95939e-05 Reference value :  1.97311e-05 Reference value :  1.97548e-05 Reference value :  1.98824e-05 Reference value :  1.99553e-05 Reference value :  2.00570e-05 Reference value :  2.01363e-05 Reference value :  2.02225e-05 Reference value :  2.03651e-05 Reference value :  2.03923e-05 Reference value :  2.05258e-05 Reference value :  2.06130e-05 Reference value :  2.06946e-05 Reference value :  2.07555e-05 Reference value :  2.08541e-05 Reference value :  2.09799e-05 Reference value :  2.10198e-05 Reference value :  2.11194e-05 Reference value :  2.11875e-05 Reference value :  2.13188e-05 Reference value :  2.13522e-05 Reference value :  2.14782e-05 Reference value :  2.15587e-05 Reference value :  2.16461e-05 Reference value :  2.17266e-05 Reference value :  2.18097e-05 Reference value :  2.19459e-05 Reference value :  2.19737e-05 Reference value :  2.21024e-05 Reference value :  2.21600e-05 Reference value :  2.22768e-05 Reference value :  2.22998e-05 Reference value :  2.23817e-05 Reference value :  2.24512e-05 Reference value :  2.25852e-05 Reference value :  2.26136e-05 Reference value :  2.26945e-05 Reference value :  2.27630e-05 Reference value :  2.28939e-05 Reference value :  2.29226e-05 Reference value :  2.30305e-05 Reference value :  2.30838e-05 Reference value :  2.32158e-05 Reference value :  2.32439e-05 Reference value :  2.33138e-05 Reference value :  2.33953e-05 Reference value :  2.35368e-05 Reference value :  2.35606e-05 Reference value :  2.36737e-05 Reference value :  2.37456e-05 Reference value :  2.38641e-05 Reference value :  2.39301e-05 Reference value :  2.40294e-05 Reference value :  2.41416e-05 Reference value :  2.41917e-05 Reference value :  2.43062e-05 Reference value :  2.43826e-05 Reference value :  2.45011e-05 Reference value :  2.45488e-05 Reference value :  2.46610e-05 Reference value :  2.47463e-05 Reference value :  2.48209e-05 Reference value :  2.48689e-05 Reference value :  2.49779e-05 Reference value :  2.50884e-05 Reference value :  2.51436e-05 Reference value :  2.52768e-05 Reference value :  2.53452e-05 Reference value :  2.54539e-05 Reference value :  2.54935e-05 Reference value :  2.56129e-05 Reference value :  2.57194e-05 Reference value :  2.57798e-05 Reference value :  2.58768e-05 Reference value :  2.59367e-05 Reference value :  2.60794e-05 Reference value :  2.61068e-05 Reference value :  2.62397e-05 Reference value :  2.63212e-05 Reference value :  2.64106e-05 Reference value :  2.64998e-05 Reference value :  2.65821e-05 Reference value :  2.67168e-05 Reference value :  2.67631e-05 Reference value :  2.68839e-05 Reference value :  2.69902e-05 Reference value :  2.70501e-05 Reference value :  2.71608e-05 Reference value :  2.72463e-05 Reference value :  2.73583e-05 Reference value :  2.73885e-05 Reference value :  2.75127e-05 Reference value :  2.76061e-05 Reference value :  2.76804e-05 Reference value :  2.77787e-05 Reference value :  2.78521e-05 Reference value :  2.79842e-05 Reference value :  2.80115e-05 Reference value :  2.81433e-05 Reference value :  2.82220e-05 Reference value :  2.83124e-05 Reference value :  2.83601e-05 Reference value :  2.84710e-05 Reference value :  2.85510e-05 Reference value :  2.86284e-05 Reference value :  2.86432e-05 Reference value :  2.87432e-05 Reference value :  2.88139e-05 Reference value :  2.89410e-05 Reference value :  2.89984e-05 Reference value :  2.91074e-05 Reference value :  2.92278e-05 Reference value :  2.92736e-05 Reference value :  2.93788e-05 Reference value :  2.94553e-05 Reference value :  2.95744e-05 Reference value :  2.95981e-05 Reference value :  2.97296e-05 Reference value :  2.97906e-05 Reference value :  2.98984e-05 Reference value :  2.99362e-05 Reference value :  3.00585e-05 Reference value :  3.01668e-05 Reference value :  3.02213e-05 Reference value :  3.03298e-05 Reference value :  3.03986e-05 Reference value :  3.05267e-05 Reference value :  3.05487e-05 Reference value :  3.06764e-05 Reference value :  3.07472e-05 Reference value :  3.08501e-05 Reference value :  3.08772e-05 Reference value :  3.10020e-05 Reference value :  3.10866e-05 Reference value :  3.11716e-05 Reference value :  3.12217e-05 Reference value :  3.13292e-05 Reference value :  3.14393e-05 Reference value :  3.14926e-05 Reference value :  3.16071e-05 Reference value :  3.16736e-05 Reference value :  3.17957e-05 Reference value :  3.18288e-05 Reference value :  3.19555e-05 Reference value :  3.20456e-05 Reference value :  3.21232e-05 Reference value :  3.21551e-05 Reference value :  3.22756e-05 Reference value :  3.23589e-05 Reference value :  3.24411e-05 Reference value :  3.24902e-05 Reference value :  3.25987e-05 Reference value :  3.27054e-05 Reference value :  3.27619e-05 Reference value :  3.28752e-05
No. of Data Rows : 40805

Total analysis time (seconds) = 106.384

Total elapsed time (seconds) = 106.448 

Total DRAM available = 23968.098 MB.
DRAM currently available = 1227.555 MB.
Maximum ngspice program size =   93.254 MB.
Current ngspice program size =   26.074 MB.

Shared ngspice pages =   10.105 MB.
Text (code) pages =    5.523 MB.
Stack = 0 bytes.
Library pages =   72.285 MB.

